 * Serving Flask app 'app'
 * Debug mode: on
WARNING: This is a development server. Do not use it in a production deployment. Use a production WSGI server instead.
 * Running on http://127.0.0.1:5000
Press CTRL+C to quit
 * Restarting with watchdog (windowsapi)
 * Debugger is active!
 * Debugger PIN: 820-559-872
127.0.0.1 - - [27/Jun/2026 23:47:10] "GET / HTTP/1.1" 200 -
127.0.0.1 - - [27/Jun/2026 23:47:10] "POST /predict HTTP/1.1" 200 -
127.0.0.1 - - [27/Jun/2026 23:47:10] "POST /predict HTTP/1.1" 200 -
127.0.0.1 - - [27/Jun/2026 23:47:10] "POST /predict HTTP/1.1" 200 -
127.0.0.1 - - [27/Jun/2026 23:50:47] "GET / HTTP/1.1" 200 -
127.0.0.1 - - [27/Jun/2026 23:50:47] "GET /static/script.js HTTP/1.1" 200 -
127.0.0.1 - - [27/Jun/2026 23:50:47] "GET /static/style.css HTTP/1.1" 200 -
127.0.0.1 - - [27/Jun/2026 23:50:47] "GET /favicon.ico HTTP/1.1" 404 -
127.0.0.1 - - [27/Jun/2026 23:51:15] "POST /predict HTTP/1.1" 200 -
127.0.0.1 - - [27/Jun/2026 23:51:16] "GET /static/style.css HTTP/1.1" 304 -
127.0.0.1 - - [27/Jun/2026 23:51:16] "GET /static/script.js HTTP/1.1" 304 -
127.0.0.1 - - [27/Jun/2026 23:51:37] "GET / HTTP/1.1" 200 -
127.0.0.1 - - [27/Jun/2026 23:51:37] "GET /static/style.css HTTP/1.1" 304 -
127.0.0.1 - - [27/Jun/2026 23:51:37] "GET /static/script.js HTTP/1.1" 304 -
